// Jest Snapshot v1, https://goo.gl/fbAQLP

exports[`CollapsibleSectionComponent should render the component 1`] = `ReactWrapper {}`;
