// Jest Snapshot v1, https://goo.gl/fbAQLP

exports[`CalculatorInput renders correctly 1`] = `ReactWrapper {}`;
