// Jest Snapshot v1, https://goo.gl/fbAQLP

exports[`TitleComponent should render the component 1`] = `ShallowWrapper {}`;
