// Jest Snapshot v1, https://goo.gl/fbAQLP

exports[`CampaignBuddySystem renders the app correctly 1`] = `ReactWrapper {}`;
